// Jest Snapshot v1, https://goo.gl/fbAQLP

exports[`FooterComponent should match the snapshot 1`] = `
<app-footer
  __ngContext__={[Function Number]}
  footerItems={[Function Array]}
>
  <footer
    class="bg-gray-800"
  >
    <div
      class="container mx-auto grid gap-8 grid-cols-2 md:grid-cols-4 pt-8 md:pt-16"
    >
      <div
        class="text-center"
      >
        <h4
          class="text-sm md:text-base lg:text-lg text-white font-bold mb-2 md:mb-4"
        >
           Column 1 
        </h4>
        <ul>
          <li>
            <a
              class="inline-block text-sm md:text-base py-1 px-4 mb-1 text-gray-400 hover:text-white font-medium transition-colors"
              routerlink=""
            >
               Item 1
            </a>
          </li>
          <li>
            <a
              class="inline-block text-sm md:text-base py-1 px-4 mb-1 text-gray-400 hover:text-white font-medium transition-colors"
              routerlink=""
            >
               Item 2
            </a>
          </li>
          <li>
            <a
              class="inline-block text-sm md:text-base py-1 px-4 mb-1 text-gray-400 hover:text-white font-medium transition-colors"
              routerlink=""
            >
               Item 3
            </a>
          </li>
          <li>
            <a
              class="inline-block text-sm md:text-base py-1 px-4 mb-1 text-gray-400 hover:text-white font-medium transition-colors"
              routerlink=""
            >
               Item 4
            </a>
          </li>
          <li>
            <a
              class="inline-block text-sm md:text-base py-1 px-4 mb-1 text-gray-400 hover:text-white font-medium transition-colors"
              routerlink=""
            >
               Item 5
            </a>
          </li>
        </ul>
      </div>
      <div
        class="text-center"
      >
        <h4
          class="text-sm md:text-base lg:text-lg text-white font-bold mb-2 md:mb-4"
        >
           Column 2 
        </h4>
        <ul>
          <li>
            <a
              class="inline-block text-sm md:text-base py-1 px-4 mb-1 text-gray-400 hover:text-white font-medium transition-colors"
              routerlink=""
            >
               Item 1
            </a>
          </li>
          <li>
            <a
              class="inline-block text-sm md:text-base py-1 px-4 mb-1 text-gray-400 hover:text-white font-medium transition-colors"
              routerlink=""
            >
               Item 2
            </a>
          </li>
          <li>
            <a
              class="inline-block text-sm md:text-base py-1 px-4 mb-1 text-gray-400 hover:text-white font-medium transition-colors"
              routerlink=""
            >
               Item 3
            </a>
          </li>
          <li>
            <a
              class="inline-block text-sm md:text-base py-1 px-4 mb-1 text-gray-400 hover:text-white font-medium transition-colors"
              routerlink=""
            >
               Item 4
            </a>
          </li>
          <li>
            <a
              class="inline-block text-sm md:text-base py-1 px-4 mb-1 text-gray-400 hover:text-white font-medium transition-colors"
              routerlink=""
            >
               Item 5
            </a>
          </li>
        </ul>
      </div>
      <div
        class="text-center"
      >
        <h4
          class="text-sm md:text-base lg:text-lg text-white font-bold mb-2 md:mb-4"
        >
           Column 3 
        </h4>
        <ul>
          <li>
            <a
              class="inline-block text-sm md:text-base py-1 px-4 mb-1 text-gray-400 hover:text-white font-medium transition-colors"
              routerlink=""
            >
               Item 1
            </a>
          </li>
          <li>
            <a
              class="inline-block text-sm md:text-base py-1 px-4 mb-1 text-gray-400 hover:text-white font-medium transition-colors"
              routerlink=""
            >
               Item 2
            </a>
          </li>
          <li>
            <a
              class="inline-block text-sm md:text-base py-1 px-4 mb-1 text-gray-400 hover:text-white font-medium transition-colors"
              routerlink=""
            >
               Item 3
            </a>
          </li>
          <li>
            <a
              class="inline-block text-sm md:text-base py-1 px-4 mb-1 text-gray-400 hover:text-white font-medium transition-colors"
              routerlink=""
            >
               Item 4
            </a>
          </li>
          <li>
            <a
              class="inline-block text-sm md:text-base py-1 px-4 mb-1 text-gray-400 hover:text-white font-medium transition-colors"
              routerlink=""
            >
               Item 5
            </a>
          </li>
        </ul>
      </div>
      <div
        class="text-center"
      >
        <h4
          class="text-sm md:text-base lg:text-lg text-white font-bold mb-2 md:mb-4"
        >
           Column 4 
        </h4>
        <ul>
          <li>
            <a
              class="inline-block text-sm md:text-base py-1 px-4 mb-1 text-gray-400 hover:text-white font-medium transition-colors"
              routerlink=""
            >
               Item 1
            </a>
          </li>
          <li>
            <a
              class="inline-block text-sm md:text-base py-1 px-4 mb-1 text-gray-400 hover:text-white font-medium transition-colors"
              routerlink=""
            >
               Item 2
            </a>
          </li>
          <li>
            <a
              class="inline-block text-sm md:text-base py-1 px-4 mb-1 text-gray-400 hover:text-white font-medium transition-colors"
              routerlink=""
            >
               Item 3
            </a>
          </li>
          <li>
            <a
              class="inline-block text-sm md:text-base py-1 px-4 mb-1 text-gray-400 hover:text-white font-medium transition-colors"
              routerlink=""
            >
               Item 4
            </a>
          </li>
          <li>
            <a
              class="inline-block text-sm md:text-base py-1 px-4 mb-1 text-gray-400 hover:text-white font-medium transition-colors"
              routerlink=""
            >
               Item 5
            </a>
          </li>
        </ul>
      </div>
    </div>
    <div
      class="container mx-auto flex justify-center py-8 lg:py-16"
    >
      <svg
        class="w-16"
        preserveAspectRatio="xMinYMin meet"
        viewBox="0 0 100 57.5"
        xmlns="http://www.w3.org/2000/svg"
      >
        <defs>
          <lineargradient
            id="grad"
            x2="1"
            y2="1"
          >
            <stop
              offset="0%"
              stop-color="#2dd4bf"
            />
            <stop
              offset="100%"
              stop-color="#0891b2"
            />
          </lineargradient>
        </defs>
        <path
          d="M35.473.517c-2.9 0-5.2 2.3-5.2 5.2 0 0 0 13.3-.1 16.7-.1 2.5-1.3 4.1-3.8 4.5-1.7.3-3.5.2-5.2 0-2.1-.2-3.3-1.6-3.8-3.6-.3-1-.6-11.4-.6-11.4 0-6.3-5.1-11.5-11.5-11.5-2.9 0-5.2 2.3-5.2 5.2 0 0-.2 16.7.5 20.5.9 4.3 3.3 7.3 7.3 9.2 3.9 1.9 8.2 2.2 12.5 2.1 3.3-.1 6.5-.5 9.4-2.2.4-.2.7-.2.7.4 0 4.5-1 7.6-5.8 8.6-2.1.5-4.3.6-6.5.6-4.3 0-8.6-.3-12.4-2.2-2-.9-4.3.6-4.1 2.8.6 5.6 3.6 9.3 9 10.6 7.8 1.9 15.7 1.6 23.5-.3 4.7-1.1 8.1-3.6 10.2-7.4.5-.8 2.6-4.4 2.6-10v-26.3c-.1-6.3-5.2-11.5-11.5-11.5m47.42 29.32c-.8 3.9-4 5.8-7.5 5.7-3.5 0-6.7-1.9-7.5-5.7-.7-3.2-.8-6.6-.3-9.9.3-2.3.8-5 2.8-6.5 1.3-1 3.3-1.4 5.1-1.4 1.9 0 3.8.4 5.1 1.4 2 1.5 2.5 4.2 2.8 6.5.3 3.3.2 6.7-.5 9.9m16.8-24.8c-.6-3.6-3.8-4.7-7.1-4.8-3.3-.2-7.5.3-8.7 3.9-9.8-5.3-26.3-4.4-30 8-2 6.8-1.9 14.6-.5 21.5 1.1 5.3 4.1 9.7 9.2 11.6 6.7 2.5 15 1.8 21.2-1.6 1.1 3.3 4.7 4 7.8 4 2.9 0 6.3-.5 7.6-3.5.5-1.2.5-2.5.5-3.8.1-2 .2-18.2.2-24.4.1-2.3.1-8.9-.2-10.9"
          fill="url(#grad)"
        />
      </svg>
    </div>
  </footer>
</app-footer>
`;
