// Jest Snapshot v1, https://goo.gl/fbAQLP

exports[`AppComponent should match the snapshot 1`] = `
<app-root
  __ngContext__={[Function Number]}
>
  <div
    class="flex flex-col h-screen"
  >
    <app-header />
    <main
      class="container mx-auto mb-auto"
    >
      <router-outlet />
    </main>
    <app-footer />
  </div>
</app-root>
`;
